  Determining projects to restore...
C:\Users\uches\OneDrive\Desktop\BookNow\bookoviaNow_APi\BookNow.Application\BookNow.Application.csproj : warning NU1903: Package 'AutoMapper' 13.0.1 has a known high severity vulnerability, https://github.com/advisories/GHSA-rvv3-g6hj-g44x [C:\Users\uches\OneDrive\Desktop\BookNow\bookoviaNow_APi\BookNow.Presentation.sln]
  All projects are up-to-date for restore.
C:\Users\uches\OneDrive\Desktop\BookNow\bookoviaNow_APi\BookNow.Application\BookNow.Application.csproj : warning NU1903: Package 'AutoMapper' 13.0.1 has a known high severity vulnerability, https://github.com/advisories/GHSA-rvv3-g6hj-g44x
  BookNow.Domain -> C:\Users\uches\OneDrive\Desktop\BookNow\bookoviaNow_APi\BookNow.Domain\bin\Debug\net8.0\BookNow.Domain.dll
C:\Users\uches\OneDrive\Desktop\BookNow\bookoviaNow_APi\BookNow.Application\Features\Shop\Handler\Queries\GetShopByIdQueryHandler.cs(3,7): warning CS0105: The using directive for 'BookNow.Application.DTOs.Shop' appeared previously in this namespace [C:\Users\uches\OneDrive\Desktop\BookNow\bookoviaNow_APi\BookNow.Application\BookNow.Application.csproj]
C:\Users\uches\OneDrive\Desktop\BookNow\bookoviaNow_APi\BookNow.Application\Features\Workshop\Handler\Commands\VerifyWorkshopCommandHandler.cs(10,5): error CS0246: The type or namespace name 'IBackgroundJobService' could not be found (are you missing a using directive or an assembly reference?) [C:\Users\uches\OneDrive\Desktop\BookNow\bookoviaNow_APi\BookNow.Application\BookNow.Application.csproj]

Build FAILED.

C:\Users\uches\OneDrive\Desktop\BookNow\bookoviaNow_APi\BookNow.Application\BookNow.Application.csproj : warning NU1903: Package 'AutoMapper' 13.0.1 has a known high severity vulnerability, https://github.com/advisories/GHSA-rvv3-g6hj-g44x [C:\Users\uches\OneDrive\Desktop\BookNow\bookoviaNow_APi\BookNow.Presentation.sln]
C:\Users\uches\OneDrive\Desktop\BookNow\bookoviaNow_APi\BookNow.Application\BookNow.Application.csproj : warning NU1903: Package 'AutoMapper' 13.0.1 has a known high severity vulnerability, https://github.com/advisories/GHSA-rvv3-g6hj-g44x
C:\Users\uches\OneDrive\Desktop\BookNow\bookoviaNow_APi\BookNow.Application\Features\Shop\Handler\Queries\GetShopByIdQueryHandler.cs(3,7): warning CS0105: The using directive for 'BookNow.Application.DTOs.Shop' appeared previously in this namespace [C:\Users\uches\OneDrive\Desktop\BookNow\bookoviaNow_APi\BookNow.Application\BookNow.Application.csproj]
C:\Users\uches\OneDrive\Desktop\BookNow\bookoviaNow_APi\BookNow.Application\Features\Workshop\Handler\Commands\VerifyWorkshopCommandHandler.cs(10,5): error CS0246: The type or namespace name 'IBackgroundJobService' could not be found (are you missing a using directive or an assembly reference?) [C:\Users\uches\OneDrive\Desktop\BookNow\bookoviaNow_APi\BookNow.Application\BookNow.Application.csproj]
    3 Warning(s)
    1 Error(s)

Time Elapsed 00:00:03.15
