  Determining projects to restore...
C:\Users\uches\OneDrive\Desktop\BookNow\bookoviaNow_APi\BookNow.Application\BookNow.Application.csproj : warning NU1903: Package 'AutoMapper' 13.0.1 has a known high severity vulnerability, https://github.com/advisories/GHSA-rvv3-g6hj-g44x [C:\Users\uches\OneDrive\Desktop\BookNow\bookoviaNow_APi\BookNow.Test\BookNow.Test.csproj]
  All projects are up-to-date for restore.
C:\Users\uches\OneDrive\Desktop\BookNow\bookoviaNow_APi\BookNow.Application\BookNow.Application.csproj : warning NU1903: Package 'AutoMapper' 13.0.1 has a known high severity vulnerability, https://github.com/advisories/GHSA-rvv3-g6hj-g44x
  BookNow.Domain -> C:\Users\uches\OneDrive\Desktop\BookNow\bookoviaNow_APi\BookNow.Domain\bin\Debug\net8.0\BookNow.Domain.dll
  BookNow.Application -> C:\Users\uches\OneDrive\Desktop\BookNow\bookoviaNow_APi\BookNow.Application\bin\Debug\net8.0\BookNow.Application.dll
  BookNow.Infrastructure -> C:\Users\uches\OneDrive\Desktop\BookNow\bookoviaNow_APi\BookNow.Infrastructure\bin\Debug\net8.0\BookNow.Infrastructure.dll
C:\Users\uches\OneDrive\Desktop\BookNow\bookoviaNow_APi\BookNow.Test\Features\Authentication\IdentityServiceTests.cs(47,32): error CS7036: There is no argument given that corresponds to the required parameter 'googleOptions' of 'IdentityService.IdentityService(UserManager<ApplicationUser>, IJwtTokenGenerator, IUnitOfWork, BookNowDbContext, IEmailService, IBackgroundJobService, ILogger<IdentityService>, IConfiguration, IOptions<GoogleAuthOptions>)' [C:\Users\uches\OneDrive\Desktop\BookNow\bookoviaNow_APi\BookNow.Test\BookNow.Test.csproj]
C:\Users\uches\OneDrive\Desktop\BookNow\bookoviaNow_APi\BookNow.Test\Features\Authentication\IdentityServiceTests.cs(34,53): warning CS8625: Cannot convert null literal to non-nullable reference type. [C:\Users\uches\OneDrive\Desktop\BookNow\bookoviaNow_APi\BookNow.Test\BookNow.Test.csproj]
C:\Users\uches\OneDrive\Desktop\BookNow\bookoviaNow_APi\BookNow.Test\Features\Authentication\IdentityServiceTests.cs(34,59): warning CS8625: Cannot convert null literal to non-nullable reference type. [C:\Users\uches\OneDrive\Desktop\BookNow\bookoviaNow_APi\BookNow.Test\BookNow.Test.csproj]
C:\Users\uches\OneDrive\Desktop\BookNow\bookoviaNow_APi\BookNow.Test\Features\Authentication\IdentityServiceTests.cs(34,65): warning CS8625: Cannot convert null literal to non-nullable reference type. [C:\Users\uches\OneDrive\Desktop\BookNow\bookoviaNow_APi\BookNow.Test\BookNow.Test.csproj]
C:\Users\uches\OneDrive\Desktop\BookNow\bookoviaNow_APi\BookNow.Test\Features\Authentication\IdentityServiceTests.cs(34,71): warning CS8625: Cannot convert null literal to non-nullable reference type. [C:\Users\uches\OneDrive\Desktop\BookNow\bookoviaNow_APi\BookNow.Test\BookNow.Test.csproj]
C:\Users\uches\OneDrive\Desktop\BookNow\bookoviaNow_APi\BookNow.Test\Features\Authentication\IdentityServiceTests.cs(34,77): warning CS8625: Cannot convert null literal to non-nullable reference type. [C:\Users\uches\OneDrive\Desktop\BookNow\bookoviaNow_APi\BookNow.Test\BookNow.Test.csproj]
C:\Users\uches\OneDrive\Desktop\BookNow\bookoviaNow_APi\BookNow.Test\Features\Authentication\IdentityServiceTests.cs(34,83): warning CS8625: Cannot convert null literal to non-nullable reference type. [C:\Users\uches\OneDrive\Desktop\BookNow\bookoviaNow_APi\BookNow.Test\BookNow.Test.csproj]
C:\Users\uches\OneDrive\Desktop\BookNow\bookoviaNow_APi\BookNow.Test\Features\Authentication\IdentityServiceTests.cs(34,89): warning CS8625: Cannot convert null literal to non-nullable reference type. [C:\Users\uches\OneDrive\Desktop\BookNow\bookoviaNow_APi\BookNow.Test\BookNow.Test.csproj]
C:\Users\uches\OneDrive\Desktop\BookNow\bookoviaNow_APi\BookNow.Test\Features\Authentication\IdentityServiceTests.cs(34,95): warning CS8625: Cannot convert null literal to non-nullable reference type. [C:\Users\uches\OneDrive\Desktop\BookNow\bookoviaNow_APi\BookNow.Test\BookNow.Test.csproj]
C:\Users\uches\OneDrive\Desktop\BookNow\bookoviaNow_APi\BookNow.Test\Features\Authentication\IdentityServiceTests.cs(69,48): warning CS8604: Possible null reference argument for parameter 'collection' in 'void Assert.Contains<string>(string expected, IEnumerable<string> collection)'. [C:\Users\uches\OneDrive\Desktop\BookNow\bookoviaNow_APi\BookNow.Test\BookNow.Test.csproj]
C:\Users\uches\OneDrive\Desktop\BookNow\bookoviaNow_APi\BookNow.Test\Features\Authentication\IdentityServiceTests.cs(135,42): warning CS8604: Possible null reference argument for parameter 'collection' in 'void Assert.Contains<string>(string expected, IEnumerable<string> collection)'. [C:\Users\uches\OneDrive\Desktop\BookNow\bookoviaNow_APi\BookNow.Test\BookNow.Test.csproj]
C:\Users\uches\OneDrive\Desktop\BookNow\bookoviaNow_APi\BookNow.Test\Features\Authentication\IdentityServiceTests.cs(149,52): warning CS8604: Possible null reference argument for parameter 'collection' in 'void Assert.Contains<string>(string expected, IEnumerable<string> collection)'. [C:\Users\uches\OneDrive\Desktop\BookNow\bookoviaNow_APi\BookNow.Test\BookNow.Test.csproj]
C:\Users\uches\OneDrive\Desktop\BookNow\bookoviaNow_APi\BookNow.Test\Features\Authentication\IdentityServiceTests.cs(188,47): warning CS8604: Possible null reference argument for parameter 'collection' in 'void Assert.Contains<string>(string expected, IEnumerable<string> collection)'. [C:\Users\uches\OneDrive\Desktop\BookNow\bookoviaNow_APi\BookNow.Test\BookNow.Test.csproj]
C:\Users\uches\OneDrive\Desktop\BookNow\bookoviaNow_APi\BookNow.Test\Features\Authentication\IdentityServiceTests.cs(203,67): warning CS8604: Possible null reference argument for parameter 'collection' in 'void Assert.Contains<string>(string expected, IEnumerable<string> collection)'. [C:\Users\uches\OneDrive\Desktop\BookNow\bookoviaNow_APi\BookNow.Test\BookNow.Test.csproj]

Build FAILED.

C:\Users\uches\OneDrive\Desktop\BookNow\bookoviaNow_APi\BookNow.Application\BookNow.Application.csproj : warning NU1903: Package 'AutoMapper' 13.0.1 has a known high severity vulnerability, https://github.com/advisories/GHSA-rvv3-g6hj-g44x [C:\Users\uches\OneDrive\Desktop\BookNow\bookoviaNow_APi\BookNow.Test\BookNow.Test.csproj]
C:\Users\uches\OneDrive\Desktop\BookNow\bookoviaNow_APi\BookNow.Application\BookNow.Application.csproj : warning NU1903: Package 'AutoMapper' 13.0.1 has a known high severity vulnerability, https://github.com/advisories/GHSA-rvv3-g6hj-g44x
C:\Users\uches\OneDrive\Desktop\BookNow\bookoviaNow_APi\BookNow.Test\Features\Authentication\IdentityServiceTests.cs(34,53): warning CS8625: Cannot convert null literal to non-nullable reference type. [C:\Users\uches\OneDrive\Desktop\BookNow\bookoviaNow_APi\BookNow.Test\BookNow.Test.csproj]
C:\Users\uches\OneDrive\Desktop\BookNow\bookoviaNow_APi\BookNow.Test\Features\Authentication\IdentityServiceTests.cs(34,59): warning CS8625: Cannot convert null literal to non-nullable reference type. [C:\Users\uches\OneDrive\Desktop\BookNow\bookoviaNow_APi\BookNow.Test\BookNow.Test.csproj]
C:\Users\uches\OneDrive\Desktop\BookNow\bookoviaNow_APi\BookNow.Test\Features\Authentication\IdentityServiceTests.cs(34,65): warning CS8625: Cannot convert null literal to non-nullable reference type. [C:\Users\uches\OneDrive\Desktop\BookNow\bookoviaNow_APi\BookNow.Test\BookNow.Test.csproj]
C:\Users\uches\OneDrive\Desktop\BookNow\bookoviaNow_APi\BookNow.Test\Features\Authentication\IdentityServiceTests.cs(34,71): warning CS8625: Cannot convert null literal to non-nullable reference type. [C:\Users\uches\OneDrive\Desktop\BookNow\bookoviaNow_APi\BookNow.Test\BookNow.Test.csproj]
C:\Users\uches\OneDrive\Desktop\BookNow\bookoviaNow_APi\BookNow.Test\Features\Authentication\IdentityServiceTests.cs(34,77): warning CS8625: Cannot convert null literal to non-nullable reference type. [C:\Users\uches\OneDrive\Desktop\BookNow\bookoviaNow_APi\BookNow.Test\BookNow.Test.csproj]
C:\Users\uches\OneDrive\Desktop\BookNow\bookoviaNow_APi\BookNow.Test\Features\Authentication\IdentityServiceTests.cs(34,83): warning CS8625: Cannot convert null literal to non-nullable reference type. [C:\Users\uches\OneDrive\Desktop\BookNow\bookoviaNow_APi\BookNow.Test\BookNow.Test.csproj]
C:\Users\uches\OneDrive\Desktop\BookNow\bookoviaNow_APi\BookNow.Test\Features\Authentication\IdentityServiceTests.cs(34,89): warning CS8625: Cannot convert null literal to non-nullable reference type. [C:\Users\uches\OneDrive\Desktop\BookNow\bookoviaNow_APi\BookNow.Test\BookNow.Test.csproj]
C:\Users\uches\OneDrive\Desktop\BookNow\bookoviaNow_APi\BookNow.Test\Features\Authentication\IdentityServiceTests.cs(34,95): warning CS8625: Cannot convert null literal to non-nullable reference type. [C:\Users\uches\OneDrive\Desktop\BookNow\bookoviaNow_APi\BookNow.Test\BookNow.Test.csproj]
C:\Users\uches\OneDrive\Desktop\BookNow\bookoviaNow_APi\BookNow.Test\Features\Authentication\IdentityServiceTests.cs(69,48): warning CS8604: Possible null reference argument for parameter 'collection' in 'void Assert.Contains<string>(string expected, IEnumerable<string> collection)'. [C:\Users\uches\OneDrive\Desktop\BookNow\bookoviaNow_APi\BookNow.Test\BookNow.Test.csproj]
C:\Users\uches\OneDrive\Desktop\BookNow\bookoviaNow_APi\BookNow.Test\Features\Authentication\IdentityServiceTests.cs(135,42): warning CS8604: Possible null reference argument for parameter 'collection' in 'void Assert.Contains<string>(string expected, IEnumerable<string> collection)'. [C:\Users\uches\OneDrive\Desktop\BookNow\bookoviaNow_APi\BookNow.Test\BookNow.Test.csproj]
C:\Users\uches\OneDrive\Desktop\BookNow\bookoviaNow_APi\BookNow.Test\Features\Authentication\IdentityServiceTests.cs(149,52): warning CS8604: Possible null reference argument for parameter 'collection' in 'void Assert.Contains<string>(string expected, IEnumerable<string> collection)'. [C:\Users\uches\OneDrive\Desktop\BookNow\bookoviaNow_APi\BookNow.Test\BookNow.Test.csproj]
C:\Users\uches\OneDrive\Desktop\BookNow\bookoviaNow_APi\BookNow.Test\Features\Authentication\IdentityServiceTests.cs(188,47): warning CS8604: Possible null reference argument for parameter 'collection' in 'void Assert.Contains<string>(string expected, IEnumerable<string> collection)'. [C:\Users\uches\OneDrive\Desktop\BookNow\bookoviaNow_APi\BookNow.Test\BookNow.Test.csproj]
C:\Users\uches\OneDrive\Desktop\BookNow\bookoviaNow_APi\BookNow.Test\Features\Authentication\IdentityServiceTests.cs(203,67): warning CS8604: Possible null reference argument for parameter 'collection' in 'void Assert.Contains<string>(string expected, IEnumerable<string> collection)'. [C:\Users\uches\OneDrive\Desktop\BookNow\bookoviaNow_APi\BookNow.Test\BookNow.Test.csproj]
C:\Users\uches\OneDrive\Desktop\BookNow\bookoviaNow_APi\BookNow.Test\Features\Authentication\IdentityServiceTests.cs(47,32): error CS7036: There is no argument given that corresponds to the required parameter 'googleOptions' of 'IdentityService.IdentityService(UserManager<ApplicationUser>, IJwtTokenGenerator, IUnitOfWork, BookNowDbContext, IEmailService, IBackgroundJobService, ILogger<IdentityService>, IConfiguration, IOptions<GoogleAuthOptions>)' [C:\Users\uches\OneDrive\Desktop\BookNow\bookoviaNow_APi\BookNow.Test\BookNow.Test.csproj]
    15 Warning(s)
    1 Error(s)

Time Elapsed 00:00:04.96
